[
	{
		"RootFields": null,
		"ModuleFields": {
			"namespace": "kube-system",
			"node": {
				"name": "kind-control-plane"
			}
		},
		"MetricSetFields": {
			"host_ip": "172.18.0.2",
			"ip": "10.244.0.18",
			"name": "kube-state-metrics-7bc9d484b6-79ph2",
			"owner": {
				"is_controller": "true",
				"kind": "ReplicaSet",
				"name": "kube-state-metrics-7bc9d484b6"
			},
			"status": {
				"phase": "running",
				"ready": "true",
				"scheduled": "true"
			}
		},
		"Index": "",
		"ID": "",
		"Namespace": "kubernetes.pod",
		"Timestamp": "0001-01-01T00:00:00Z",
		"Error": null,
		"Host": "",
		"Service": "",
		"Took": 0,
		"Period": 0,
		"DisableTimeSeries": false
	},
	{
		"RootFields": null,
		"ModuleFields": {
			"namespace": "kube-system",
			"node": {
				"name": "kind-control-plane"
			}
		},
		"MetricSetFields": {
			"host_ip": "172.18.0.2",
			"ip": "172.18.0.2",
			"name": "kube-proxy-nw7gg",
			"owner": {
				"is_controller": "true",
				"kind": "DaemonSet",
				"name": "kube-proxy"
			},
			"status": {
				"phase": "running",
				"ready": "true",
				"scheduled": "true"
			}
		},
		"Index": "",
		"ID": "",
		"Namespace": "kubernetes.pod",
		"Timestamp": "0001-01-01T00:00:00Z",
		"Error": null,
		"Host": "",
		"Service": "",
		"Took": 0,
		"Period": 0,
		"DisableTimeSeries": false
	},
	{
		"RootFields": null,
		"ModuleFields": {
			"namespace": "kube-system",
			"node": {
				"name": "kind-control-plane"
			}
		},
		"MetricSetFields": {
			"host_ip": "172.18.0.2",
			"ip": "10.244.0.21",
			"name": "fluentd-elasticsearch-fwg46",
			"owner": {
				"is_controller": "true",
				"kind": "DaemonSet",
				"name": "fluentd-elasticsearch"
			},
			"status": {
				"phase": "running",
				"ready": "true",
				"scheduled": "true"
			}
		},
		"Index": "",
		"ID": "",
		"Namespace": "kubernetes.pod",
		"Timestamp": "0001-01-01T00:00:00Z",
		"Error": null,
		"Host": "",
		"Service": "",
		"Took": 0,
		"Period": 0,
		"DisableTimeSeries": false
	},
	{
		"RootFields": null,
		"ModuleFields": {
			"namespace": "local-path-storage",
			"node": {
				"name": "kind-control-plane"
			}
		},
		"MetricSetFields": {
			"host_ip": "172.18.0.2",
			"ip": "10.244.0.4",
			"name": "local-path-provisioner-75f5b54ffd-bm5sx",
			"owner": {
				"is_controller": "true",
				"kind": "ReplicaSet",
				"name": "local-path-provisioner-75f5b54ffd"
			},
			"status": {
				"phase": "running",
				"ready": "true",
				"scheduled": "true"
			}
		},
		"Index": "",
		"ID": "",
		"Namespace": "kubernetes.pod",
		"Timestamp": "0001-01-01T00:00:00Z",
		"Error": null,
		"Host": "",
		"Service": "",
		"Took": 0,
		"Period": 0,
		"DisableTimeSeries": false
	},
	{
		"RootFields": null,
		"ModuleFields": {
			"namespace": "default",
			"node": {
				"name": "kind-control-plane"
			}
		},
		"MetricSetFields": {
			"host_ip": "172.18.0.2",
			"ip": "10.244.0.20",
			"name": "hello-fddcc",
			"owner": {
				"is_controller": "true",
				"kind": "Job",
				"name": "hello"
			},
			"status": {
				"phase": "succeeded",
				"ready": "false",
				"scheduled": "true"
			}
		},
		"Index": "",
		"ID": "",
		"Namespace": "kubernetes.pod",
		"Timestamp": "0001-01-01T00:00:00Z",
		"Error": null,
		"Host": "",
		"Service": "",
		"Took": 0,
		"Period": 0,
		"DisableTimeSeries": false
	},
	{
		"RootFields": null,
		"ModuleFields": {
			"namespace": "kube-system",
			"node": {
				"name": "kind-control-plane"
			}
		},
		"MetricSetFields": {
			"host_ip": "172.18.0.2",
			"ip": "172.18.0.2",
			"name": "kube-apiserver-kind-control-plane",
			"owner": {
				"is_controller": "true",
				"kind": "Node",
				"name": "kind-control-plane"
			},
			"status": {
				"phase": "running",
				"ready": "true",
				"scheduled": "true"
			}
		},
		"Index": "",
		"ID": "",
		"Namespace": "kubernetes.pod",
		"Timestamp": "0001-01-01T00:00:00Z",
		"Error": null,
		"Host": "",
		"Service": "",
		"Took": 0,
		"Period": 0,
		"DisableTimeSeries": false
	},
	{
		"RootFields": null,
		"ModuleFields": {
			"namespace": "default",
			"node": {
				"name": "kind-control-plane"
			}
		},
		"MetricSetFields": {
			"host_ip": "172.18.0.2",
			"ip": "10.244.0.22",
			"name": "hello-28192809-jbn5z",
			"owner": {
				"is_controller": "true",
				"kind": "Job",
				"name": "hello-28192809"
			},
			"status": {
				"phase": "succeeded",
				"ready": "false",
				"scheduled": "true"
			}
		},
		"Index": "",
		"ID": "",
		"Namespace": "kubernetes.pod",
		"Timestamp": "0001-01-01T00:00:00Z",
		"Error": null,
		"Host": "",
		"Service": "",
		"Took": 0,
		"Period": 0,
		"DisableTimeSeries": false
	},
	{
		"RootFields": null,
		"ModuleFields": {
			"namespace": "default",
			"node": {
				"name": "kind-control-plane"
			}
		},
		"MetricSetFields": {
			"host_ip": "172.18.0.2",
			"ip": "10.244.0.19",
			"name": "web-0",
			"owner": {
				"is_controller": "true",
				"kind": "StatefulSet",
				"name": "web"
			},
			"status": {
				"phase": "running",
				"ready": "true",
				"scheduled": "true"
			}
		},
		"Index": "",
		"ID": "",
		"Namespace": "kubernetes.pod",
		"Timestamp": "0001-01-01T00:00:00Z",
		"Error": null,
		"Host": "",
		"Service": "",
		"Took": 0,
		"Period": 0,
		"DisableTimeSeries": false
	},
	{
		"RootFields": null,
		"ModuleFields": {
			"namespace": "kube-system",
			"node": {
				"name": "kind-control-plane"
			}
		},
		"MetricSetFields": {
			"host_ip": "172.18.0.2",
			"ip": "10.244.0.3",
			"name": "coredns-787d4945fb-kx4f4",
			"owner": {
				"is_controller": "true",
				"kind": "ReplicaSet",
				"name": "coredns-787d4945fb"
			},
			"status": {
				"phase": "running",
				"ready": "true",
				"scheduled": "true"
			}
		},
		"Index": "",
		"ID": "",
		"Namespace": "kubernetes.pod",
		"Timestamp": "0001-01-01T00:00:00Z",
		"Error": null,
		"Host": "",
		"Service": "",
		"Took": 0,
		"Period": 0,
		"DisableTimeSeries": false
	},
	{
		"RootFields": null,
		"ModuleFields": {
			"namespace": "kube-system",
			"node": {
				"name": "kind-control-plane"
			}
		},
		"MetricSetFields": {
			"host_ip": "172.18.0.2",
			"ip": "172.18.0.2",
			"name": "kube-scheduler-kind-control-plane",
			"owner": {
				"is_controller": "true",
				"kind": "Node",
				"name": "kind-control-plane"
			},
			"status": {
				"phase": "running",
				"ready": "true",
				"scheduled": "true"
			}
		},
		"Index": "",
		"ID": "",
		"Namespace": "kubernetes.pod",
		"Timestamp": "0001-01-01T00:00:00Z",
		"Error": null,
		"Host": "",
		"Service": "",
		"Took": 0,
		"Period": 0,
		"DisableTimeSeries": false
	},
	{
		"RootFields": null,
		"ModuleFields": {
			"namespace": "kube-system",
			"node": {
				"name": "kind-control-plane"
			}
		},
		"MetricSetFields": {
			"host_ip": "172.18.0.2",
			"ip": "172.18.0.2",
			"name": "etcd-kind-control-plane",
			"owner": {
				"is_controller": "true",
				"kind": "Node",
				"name": "kind-control-plane"
			},
			"status": {
				"phase": "running",
				"ready": "true",
				"scheduled": "true"
			}
		},
		"Index": "",
		"ID": "",
		"Namespace": "kubernetes.pod",
		"Timestamp": "0001-01-01T00:00:00Z",
		"Error": null,
		"Host": "",
		"Service": "",
		"Took": 0,
		"Period": 0,
		"DisableTimeSeries": false
	},
	{
		"RootFields": null,
		"ModuleFields": {
			"namespace": "kube-system",
			"node": {
				"name": "kind-control-plane"
			}
		},
		"MetricSetFields": {
			"host_ip": "172.18.0.2",
			"ip": "10.244.0.2",
			"name": "coredns-787d4945fb-rb564",
			"owner": {
				"is_controller": "true",
				"kind": "ReplicaSet",
				"name": "coredns-787d4945fb"
			},
			"status": {
				"phase": "running",
				"ready": "true",
				"scheduled": "true"
			}
		},
		"Index": "",
		"ID": "",
		"Namespace": "kubernetes.pod",
		"Timestamp": "0001-01-01T00:00:00Z",
		"Error": null,
		"Host": "",
		"Service": "",
		"Took": 0,
		"Period": 0,
		"DisableTimeSeries": false
	},
	{
		"RootFields": null,
		"ModuleFields": {
			"namespace": "kube-system",
			"node": {
				"name": "kind-control-plane"
			}
		},
		"MetricSetFields": {
			"host_ip": "172.18.0.2",
			"ip": "172.18.0.2",
			"name": "kindnet-7l48v",
			"owner": {
				"is_controller": "true",
				"kind": "DaemonSet",
				"name": "kindnet"
			},
			"status": {
				"phase": "running",
				"ready": "true",
				"scheduled": "true"
			}
		},
		"Index": "",
		"ID": "",
		"Namespace": "kubernetes.pod",
		"Timestamp": "0001-01-01T00:00:00Z",
		"Error": null,
		"Host": "",
		"Service": "",
		"Took": 0,
		"Period": 0,
		"DisableTimeSeries": false
	},
	{
		"RootFields": null,
		"ModuleFields": {
			"namespace": "kube-system",
			"node": {
				"name": "kind-control-plane"
			}
		},
		"MetricSetFields": {
			"host_ip": "172.18.0.2",
			"ip": "172.18.0.2",
			"name": "kube-controller-manager-kind-control-plane",
			"owner": {
				"is_controller": "true",
				"kind": "Node",
				"name": "kind-control-plane"
			},
			"status": {
				"phase": "running",
				"ready": "true",
				"scheduled": "true"
			}
		},
		"Index": "",
		"ID": "",
		"Namespace": "kubernetes.pod",
		"Timestamp": "0001-01-01T00:00:00Z",
		"Error": null,
		"Host": "",
		"Service": "",
		"Took": 0,
		"Period": 0,
		"DisableTimeSeries": false
	}
]